// Jest Snapshot v1, https://goo.gl/fbAQLP

exports[`renders Confirm without crashing 1`] = `
<div>
  <div>
    <h1
      class="text-xl-center forbidden"
    >
      404 Not Found
    </h1>
     
    <br />
    <img
      alt="notFound"
      src="fogg-page-not-found.png"
    />
  </div>
</div>
`;
