// Jest Snapshot v1, https://goo.gl/fbAQLP

exports[`Testing the Confirm page rendering renders Confirm without crashing in any language 1`] = `
<div>
  <div>
    <h1
      class="text-xl-center forbidden"
    >
      404 Page non trouvée
    </h1>
     
    <br />
    <img
      alt="notFound"
      src="fogg-page-not-found.png"
    />
  </div>
</div>
`;

exports[`Testing the Confirm page rendering renders Confirm without crashing in english 1`] = `
<div>
  <div>
    <h1
      class="text-xl-center forbidden"
    >
      404 Page non trouvée
    </h1>
     
    <br />
    <img
      alt="notFound"
      src="fogg-page-not-found.png"
    />
  </div>
</div>
`;

exports[`Testing the Confirm page rendering renders Confirm without crashing in french 1`] = `
<div>
  <div>
    <h1
      class="text-xl-center forbidden"
    >
      404 Page non trouvée
    </h1>
     
    <br />
    <img
      alt="notFound"
      src="fogg-page-not-found.png"
    />
  </div>
</div>
`;
