// Jest Snapshot v1, https://goo.gl/fbAQLP

exports[`render Connection being logged in english 1`] = `
<div>
  <div>
    <br />
    <div
      class="card text-white bg-dark box-center"
    >
      <div
        class="card-body bg-dark item-align text-align"
      >
        <h5
          class="card-title text-align"
        >
          Authentification
        </h5>
        <p
          class="card-text"
        >
          Merci de rentrer votre email et votre mot de passe pour continuer
        </p>
        <div
          class="input-group mb-3"
        >
          <div
            class="input-group-prepend"
          >
            <span
              class="input-group-text"
              id="inputGroup-sizing-default"
            >
              Email
            </span>
          </div>
          <input
            aria-label="Email"
            class="form-control"
            type="text"
            value=""
          />
        </div>
        <div
          class="input-group mb-3"
        >
          <div
            class="input-group-prepend"
          >
            <span
              class="input-group-text"
              id="inputGroup-sizing-default"
            >
              Mot de passe
            </span>
          </div>
          <input
            aria-label="Email"
            class="form-control"
            type="password"
            value=""
          />
        </div>
        <button
          class="btn btn-primary"
          type="button"
        >
          Continuer
        </button>
      </div>
    </div>
    <br />
    <span>
      Vous n'avez pas de compte ?
    </span>
     
    <br />
    <a
      href="/Registration"
    >
      <button
        class="btn btn-primary"
        type="button"
      >
        Créer un compte
      </button>
    </a>
  </div>
</div>
`;

exports[`render Connection being logged in french 1`] = `
<div>
  <div>
    <br />
    <div
      class="card text-white bg-dark box-center"
    >
      <div
        class="card-body bg-dark item-align text-align"
      >
        <h5
          class="card-title text-align"
        >
          Authentification
        </h5>
        <p
          class="card-text"
        >
          Merci de rentrer votre email et votre mot de passe pour continuer
        </p>
        <div
          class="input-group mb-3"
        >
          <div
            class="input-group-prepend"
          >
            <span
              class="input-group-text"
              id="inputGroup-sizing-default"
            >
              Email
            </span>
          </div>
          <input
            aria-label="Email"
            class="form-control"
            type="text"
            value=""
          />
        </div>
        <div
          class="input-group mb-3"
        >
          <div
            class="input-group-prepend"
          >
            <span
              class="input-group-text"
              id="inputGroup-sizing-default"
            >
              Mot de passe
            </span>
          </div>
          <input
            aria-label="Email"
            class="form-control"
            type="password"
            value=""
          />
        </div>
        <button
          class="btn btn-primary"
          type="button"
        >
          Continuer
        </button>
      </div>
    </div>
    <br />
    <span>
      Vous n'avez pas de compte ?
    </span>
     
    <br />
    <a
      href="/Registration"
    >
      <button
        class="btn btn-primary"
        type="button"
      >
        Créer un compte
      </button>
    </a>
  </div>
</div>
`;

exports[`renders Connection without crashing (not connected) in any language 1`] = `
<div>
  <div>
    <br />
    <div
      class="card text-white bg-dark box-center"
    >
      <div
        class="card-body bg-dark item-align text-align"
      >
        <h5
          class="card-title text-align"
        >
          Authentification
        </h5>
        <p
          class="card-text"
        >
          Merci de rentrer votre email et votre mot de passe pour continuer
        </p>
        <div
          class="input-group mb-3"
        >
          <div
            class="input-group-prepend"
          >
            <span
              class="input-group-text"
              id="inputGroup-sizing-default"
            >
              Email
            </span>
          </div>
          <input
            aria-label="Email"
            class="form-control"
            type="text"
            value=""
          />
        </div>
        <div
          class="input-group mb-3"
        >
          <div
            class="input-group-prepend"
          >
            <span
              class="input-group-text"
              id="inputGroup-sizing-default"
            >
              Mot de passe
            </span>
          </div>
          <input
            aria-label="Email"
            class="form-control"
            type="password"
            value=""
          />
        </div>
        <button
          class="btn btn-primary"
          type="button"
        >
          Continuer
        </button>
      </div>
    </div>
    <br />
    <span>
      Vous n'avez pas de compte ?
    </span>
     
    <br />
    <a
      href="/Registration"
    >
      <button
        class="btn btn-primary"
        type="button"
      >
        Créer un compte
      </button>
    </a>
  </div>
</div>
`;
