// Jest Snapshot v1, https://goo.gl/fbAQLP

exports[`renders Header without crashing 1`] = `
<div>
  <div>
    <nav
      class="navbar navbar-expand-md uber-color navbar navbar-expand-md navbar-light"
    >
      <img
        alt="logo"
        src="Uberschutz-logo.png"
      />
      <a
        class="navbar-brand uber-color button-footer navbar-brand"
        href="/"
      >
         Überschutz
      </a>
      <button
        class="navbar-toggler navbar-toggler"
        type="button"
      >
        <span
          class="navbar-toggler-icon"
        />
      </button>
      <div
        class="collapse navbar-collapse collapse navbar-collapse"
      >
        <ul
          class="ml-auto navbar  navbar-expand-md navbar-nav"
        >
          <li
            class="nav-item nav-item"
          >
            <a
              class="nav-link uber-color"
              href="/"
            >
              Menu
            </a>
          </li>
          <li
            class="nav-item nav-item"
          >
            <a
              class="nav-link uber-color"
              href="/Connection"
            >
               
              Connexion
               
            </a>
          </li>
          <li
            class="nav-item nav-item"
          >
            <a
              class="nav-link uber-color"
              href="/Contact+FAQ"
            >
              Contact + FAQ
            </a>
          </li>
          <li
            class="nav-item nav-item"
          >
            <a
              class="nav-link uber-color nav-link"
              href="/Profile"
            >
               
              Profil
               
            </a>
          </li>
          <li
            class="nav-item nav-item"
          >
            <a
              class="nav-link uber-color nav-link"
              href="/Parameters"
            >
               
              Paramètres
               
            </a>
          </li>
        </ul>
      </div>
      <img
        alt="french"
        class="clickable-flag touched"
        height="35"
        src="french-flag.png"
        width="50"
      />
      <img
        alt="english"
        class="clickable-flag"
        height="33"
        src="english-flag2.png"
        width="35"
      />
    </nav>
  </div>
</div>
`;
