// Jest Snapshot v1, https://goo.gl/fbAQLP

exports[`Testing the Profile page rendering renders Profile being logged in english 1`] = `
<div>
  <div
    class="fixed-size"
  >
    <div
      class="description-txt"
    >
      <div
        class="row button-footerP"
      >
        <h4
          class="name-font col-sm-auto"
        >
          Nom de famille : 
        </h4>
        <div
          class="input-group input-group-sm col-sm-2"
        >
          <input
            aria-describedby="inputGroup-sizing-sm"
            aria-label="Small"
            class="form-control"
            data-action="lastname"
            type="text"
            value=""
          />
          <button
            class="btn btn-primary btn-sm"
          >
            OK
          </button>
        </div>
         
        <br />
      </div>
      <div
        class="row button-footerP"
      >
        <h5
          class="name-font col-sm-auto"
        >
          Prénom : 
        </h5>
        <div
          class="input-group input-group-sm col-sm-2"
        >
          <input
            aria-describedby="inputGroup-sizing-sm"
            aria-label="Small"
            class="form-control"
            data-action="firstname"
            type="text"
            value=""
          />
          <button
            class="btn btn-primary btn-sm"
          >
            OK
          </button>
        </div>
        <br />
      </div>
      <br />
    </div>
    <button
      class="btn btn-outline-dark options-margin"
      type="button"
    >
      Modifier mon adresse email
    </button>
    <button
      class="btn btn-outline-dark options-margin"
      type="button"
    >
      Modifier mon mot de passe
    </button>
    <div
      class="row txt-align"
    >
      <button
        class="col-2 btn btn-primary options-margin"
      >
        Récupérer mes informations
      </button>
      <button
        class="col-2 btn btn-danger options-margin"
      >
        Supprimer mon compte
      </button>
    </div>
  </div>
</div>
`;

exports[`Testing the Profile page rendering renders Profile being logged in french 1`] = `
<div>
  <div
    class="fixed-size"
  >
    <div
      class="description-txt"
    >
      <div
        class="row button-footerP"
      >
        <h4
          class="name-font col-sm-auto"
        >
          Nom de famille : 
        </h4>
        <div
          class="input-group input-group-sm col-sm-2"
        >
          <input
            aria-describedby="inputGroup-sizing-sm"
            aria-label="Small"
            class="form-control"
            data-action="lastname"
            type="text"
            value=""
          />
          <button
            class="btn btn-primary btn-sm"
          >
            OK
          </button>
        </div>
         
        <br />
      </div>
      <div
        class="row button-footerP"
      >
        <h5
          class="name-font col-sm-auto"
        >
          Prénom : 
        </h5>
        <div
          class="input-group input-group-sm col-sm-2"
        >
          <input
            aria-describedby="inputGroup-sizing-sm"
            aria-label="Small"
            class="form-control"
            data-action="firstname"
            type="text"
            value=""
          />
          <button
            class="btn btn-primary btn-sm"
          >
            OK
          </button>
        </div>
        <br />
      </div>
      <br />
    </div>
    <button
      class="btn btn-outline-dark options-margin"
      type="button"
    >
      Modifier mon adresse email
    </button>
    <button
      class="btn btn-outline-dark options-margin"
      type="button"
    >
      Modifier mon mot de passe
    </button>
    <div
      class="row txt-align"
    >
      <button
        class="col-2 btn btn-primary options-margin"
      >
        Récupérer mes informations
      </button>
      <button
        class="col-2 btn btn-danger options-margin"
      >
        Supprimer mon compte
      </button>
    </div>
  </div>
</div>
`;

exports[`Testing the Profile page rendering renders Profile not being logged in english 1`] = `
<div>
  <div>
    <h1
      class="text-xl-center forbidden"
    >
      403 Accès interdit
    </h1>
    <br />
    <img
      alt="forbidden"
      src="fogg-no-comments.png"
    />
  </div>
</div>
`;

exports[`Testing the Profile page rendering renders Profile not being logged in french 1`] = `
<div>
  <div>
    <h1
      class="text-xl-center forbidden"
    >
      403 Accès interdit
    </h1>
    <br />
    <img
      alt="forbidden"
      src="fogg-no-comments.png"
    />
  </div>
</div>
`;

exports[`Testing the Profile page rendering renders Profile without crashing 1`] = `
<div>
  <div>
    <h1
      class="text-xl-center forbidden"
    >
      403 Accès interdit
    </h1>
    <br />
    <img
      alt="forbidden"
      src="fogg-no-comments.png"
    />
  </div>
</div>
`;
