// Jest Snapshot v1, https://goo.gl/fbAQLP

exports[`renders Connection without crashing 1`] = `
<div>
  <div
    class="col"
  >
    <br />
    <div
      class="card text-white bg-dark box-center"
    >
      <div
        class="card-body bg-dark item-align text-align"
      >
        <h5
          class="card-title text-align"
        >
          Inscription
        </h5>
        <p
          class="card-text"
        >
          Merci de remplir ces champs pour continuer
        </p>
        <div
          class="input-group mb-3"
        >
          <div
            class="input-group-prepend"
          >
            <span
              class="input-group-text"
              id="inputGroup-sizing-default"
            >
              Nom
            </span>
          </div>
          <input
            aria-label="Nom"
            class="form-control"
            type="text"
            value=""
          />
        </div>
        <div
          class="input-group mb-3"
        >
          <div
            class="input-group-prepend"
          >
            <span
              class="input-group-text"
              id="inputGroup-sizing-default"
            >
              Prénom
            </span>
          </div>
          <input
            aria-label="Prénom"
            class="form-control"
            type="text"
            value=""
          />
        </div>
        <div
          class="input-group mb-3"
        >
          <div
            class="input-group-prepend"
          >
            <span
              class="input-group-text"
              id="inputGroup-sizing-default"
            >
              Email
            </span>
          </div>
          <input
            aria-label="Email"
            class="form-control"
            type="text"
            value=""
          />
        </div>
        <div
          class="input-group mb-3"
        >
          <div
            class="input-group-prepend"
          >
            <span
              class="input-group-text"
              id="inputGroup-sizing-default"
            >
              Mot de passe
            </span>
          </div>
          <input
            aria-label="Email"
            class="form-control"
            type="password"
            value=""
          />
        </div>
        <button
          class="btn btn-primary"
          type="button"
        >
          Continuer
        </button>
        <br />
      </div>
    </div>
    <br />
  </div>
</div>
`;
