// Jest Snapshot v1, https://goo.gl/fbAQLP

exports[`Testing the whole app rendering renders whole application without crashing 1`] = `
<div>
  <div
    class="App"
  >
    <div>
      <div
        class="CookieConsent"
        style="align-items: baseline; background: rgb(43, 55, 59); color: white; display: flex; flex-wrap: wrap; justify-content: space-between; left: 0px; position: fixed; width: 100%; z-index: 999; height: 13%; text-align: justify; bottom: 0px;"
      >
        <div
          class=""
          style="flex: 1 0 300px; margin: 15px;"
        >
          We use cookies and similar technologies ("cookies") to provide and secure our websites, as well as to analyze the usage of our websites, in order to offer you a great user experience.
          <br />
          To learn more about our use of cookies see our Data Collect information.
          <br />
          Select "I accept" to consent to this use, "I decline" to reject this use, or "More info" to control our cookies' use.
          <a
            href="/DataInformations"
          >
            <button
              class="btn btn-primary more-info"
            >
              More info
            </button>
          </a>
        </div>
        <div
          class=""
        >
          <button
            aria-label="Decline cookies"
            class=""
            id="rcc-decline-button"
            style="background: rgb(193, 42, 42); border: 0px; border-radius: 0px; box-shadow: none; color: rgb(0, 0, 0); cursor: pointer; flex: 0 0 auto; padding: 5px 10px; margin: 15px; background-color: rgb(229, 57, 53);"
          >
            I decline
          </button>
          <button
            aria-label="Accept cookies"
            class=""
            id="rcc-confirm-button"
            style="background: rgb(255, 212, 45); border: 0px; border-radius: 0px; box-shadow: none; color: rgb(0, 0, 0); cursor: pointer; flex: 0 0 auto; padding: 5px 10px; margin: 15px; background-color: rgb(39, 174, 96);"
          >
            I accept
          </button>
        </div>
      </div>
      <nav
        class="navbar navbar-expand-sm uber-color navbar navbar-expand-md navbar-light"
      >
        <img
          alt="logo"
          height="70"
          src="Uberschutz-Icon.png"
          width="65"
        />
        <a
          class="navbar-brand uber-color button-footer navbar-brand"
          href="/"
        >
          <img
            alt="typo"
            src="Überschutz-typo-resize.png"
          />
        </a>
        <div
          class="collapse navbar-collapse collapse show navbar-collapse"
        >
          <ul
            class="ml-auto navbar  navbar-expand-md navbar-nav"
          >
            <li
              class="nav-item nav-item"
            >
              <a
                class="nav-link uber-color"
                href="/"
              >
                Menu
              </a>
            </li>
            <li
              class="nav-item nav-item"
            >
              <a
                class="nav-link uber-color"
                href="/Connection"
              >
                Connexion
              </a>
            </li>
            <li
              class="nav-item nav-item"
            >
              <a
                class="nav-link uber-color"
                href="/Contact+FAQ"
              >
                Contact + FAQ
              </a>
            </li>
          </ul>
        </div>
        <div
          class="btn-group btn-group-sm"
        >
          <button
            aria-expanded="false"
            aria-haspopup="true"
            class="dropdown-toggle btn btn-primary"
            type="button"
          >
            <img
              alt="french"
              class="clickable-flag touched"
              height="35"
              src="icons8-france-96.png"
              width="35"
            />
          </button>
          <div
            aria-hidden="true"
            class="drop btn dropdown-menu"
            role="menu"
            tabindex="-1"
          >
            <div>
              <img
                alt="french"
                class="clickable-flag touched"
                data-lang="fr"
                height="35"
                src="icons8-france-96.png"
                width="35"
              />
            </div>
            <div>
              <img
                alt="english"
                class="clickable-flag"
                data-lang="en"
                height="33"
                src="icons8-grande-bretagne-48.png"
                width="35"
              />
            </div>
          </div>
        </div>
      </nav>
    </div>
    <div>
      <img
        alt="canvas"
        class="responsive-image"
        src="canvas2.png"
      />
      <h1
        class="text-span rappel-info h7-font"
      >
        Internet :
         
        êtes-vous conscients des dangers
         
        que rencontrent vos enfants ?
      </h1>
      <div
        class="dropdown-divider Home"
        style="border-block-color: black; margin-top: 4%; width: 50%; margin-left: 25%;"
      />
      <div
        class="row responsive-image Home"
      >
        <div>
          <br />
          <br />
          <img
            alt="whois"
            class="responsive-image"
            src="CacherPseudo.jpg"
          />
        </div>
        <div
          class="txt-intro responsive-image"
        >
          <h3
            class="h7-font"
          >
            Notre solution :
          </h3>
          <h6
            class="h6-font"
          >
            Pour une navigation saine, utilisez Überschutz.
            <br />
            Ce logiciel non bloquant vous préviendra lorsque votre enfant se met en danger sur Internet.
          </h6>
          <h8
            class="italic-txt"
          >
            Suicide, drogue, anorexie, harcèlement, contenus pornographiques ... Vous n'imaginez pas à quoi il est confronté.
          </h8>
        </div>
      </div>
      <div
        class="dropdown-divider Home"
        style="border-block-color: black; margin-top: 4%; width: 50%; margin-left: 25%;"
      />
      <div
        class="Home responsive-image"
      >
        <br />
        <br />
        <h5
          class="rappel-info h7-font"
        >
          En quelques mots :
        </h5>
        <br />
        <br />
        <div
          class="row responsive-image"
        >
          <div
            class="col"
          >
            <img
              alt="software"
              src="icons8-boite-à-logiciel-64.png"
            />
            <br />
            <br />
          </div>
          <div
            class="col responsive-image"
          >
            <img
              alt="navigation"
              src="icons8-carte-au-trésor-150.png"
            />
            <br />
            <br />
          </div>
          <div
            class="col responsive-image"
          >
            <img
              alt="blocking"
              src="icons8-cadenas-100.png"
            />
            <br />
             
            <br />
          </div>
        </div>
        <div
          class="row responsive-image"
        >
          <div
            class="col"
          >
            <span
              class="rappel-info"
            >
              Un logiciel
            </span>
          </div>
          <div
            class="col"
          >
            <span
              class="rappel-info"
            >
              Non bloquant
            </span>
          </div>
          <div
            class="col"
          >
            <span
              class="rappel-info"
            >
              Non intrusif
            </span>
          </div>
        </div>
        <br />
        <div
          class=""
        >
          <h7
            class="rappel-info responsive-image"
          >
            Pour protéger votre enfant et discuter avec lui lorsqu'une situation compliquée se présente.
            <br />
          </h7>
          <br />
        </div>
      </div>
    </div>
    <footer
      class="uber-color2"
    >
      <div>
        <a
          href="/Contact+FAQ"
        >
          <button
            class="btn btn-primary button-footer"
            type="button"
          >
            Contact
          </button>
        </a>
        <br />
        <span>
          © 2018 - 
          2020
        </span>
        <br />
        <span>
          Créé par Marianne & Thomas 
          <br />
          Icônes de l'application par 
          <a
            href="https://icones8.fr"
          >
            icons8
          </a>
           & 
          <a
            href="https://www.flaticon.com/authors/dmitri13"
            title="dmitri13"
          >
            dmitri13
          </a>
          <br />
        </span>
      </div>
      <div
        class="button-footer row txt-align"
      >
        <a
          href="/DataInformations"
        >
          <span
            class="col"
          >
            Données personnelles
          </span>
        </a>
        <a
          href="/Others"
        >
          <span
            class="col"
          >
            Nos autres services
          </span>
        </a>
      </div>
    </footer>
  </div>
</div>
`;
